
Welcome to the Depot Management CLI
===================================

Usage: sdoc <command> [args]

Built-in Commands:
  help        h     Show help for all commands or a specific command
  edit        e     Edit the implementation of a command
  edit-config ec    Edit the configuration file
  view        v     View the implementation of a command

Commands:
  print       p     Prints hello world
  min-args          I require arguments
  deps              I have dependency requirements
  script            A simple script