
Usage: sdoc <command> [args]

Management:
  help        h     Show help for all commands or a specific command
  edit        e     Edit the implementation of a command
  config      c     Edit the configuration file
  view        v     View the implementation of a command

Node Commands:
  sub               A sub command

Commands:
  print       p     Prints hello world
  min-args          I require arguments
  deps              I have dependency requirements
  com-dep           I have command requirements
  script            A simple script